SQL> --student id: 34715320
SQL> --student name: Senuthi Seneviratne
SQL> --student id: 32844700
SQL> --student name: Teh Jia Xuan
SQL> --student id: 33244413
SQL> --student name: Woon Chong
SQL> -- Generated by Oracle SQL Developer Data Modeler 23.1.0.087.0806
SQL> --   at:        2024-09-17 21:18:25 SGT
SQL> --   site:      Oracle Database 12c
SQL> --   type:      Oracle Database 12c
SQL> DROP TABLE author CASCADE CONSTRAINTS;

TABLE dropped.

SQL> DROP TABLE author_call CASCADE CONSTRAINTS;

TABLE dropped.

SQL> DROP TABLE book_copy CASCADE CONSTRAINTS;

TABLE dropped.

SQL> DROP TABLE borrower CASCADE CONSTRAINTS;

TABLE dropped.

SQL> DROP TABLE borrower_class CASCADE CONSTRAINTS;

TABLE dropped.

SQL> DROP TABLE branch CASCADE CONSTRAINTS;

TABLE dropped.

SQL> DROP TABLE catalogue_entry CASCADE CONSTRAINTS;

TABLE dropped.

SQL> DROP TABLE isbn CASCADE CONSTRAINTS;

TABLE dropped.

SQL> DROP TABLE lga CASCADE CONSTRAINTS;

TABLE dropped.

SQL> DROP TABLE loan CASCADE CONSTRAINTS;

TABLE dropped.

SQL> DROP TABLE manager CASCADE CONSTRAINTS;

TABLE dropped.

SQL> DROP TABLE publisher CASCADE CONSTRAINTS;

TABLE dropped.

SQL> DROP TABLE reserve CASCADE CONSTRAINTS;

TABLE dropped.

SQL> DROP TABLE subject CASCADE CONSTRAINTS;

TABLE dropped.

SQL> DROP TABLE subject_call CASCADE CONSTRAINTS;

TABLE dropped.

SQL> -- predefined type, no DDL - MDSYS.SDO_GEOMETRY
SQL> -- predefined type, no DDL - XMLTYPE
SQL> CREATE TABLE author (
  2      author_id    NUMBER(4) NOT NULL,
  3      author_fname VARCHAR2(20) NOT NULL,
  4      author_lname VARCHAR2(20) NOT NULL
  5  );

TABLE created.

SQL> COMMENT ON COLUMN author.author_id IS
  2      'author id';
Comment created.

SQL> COMMENT ON COLUMN author.author_fname IS
  2      'Author''s first name';
Comment created.

SQL> COMMENT ON COLUMN author.author_lname IS
  2      'Author''s last name';
Comment created.

SQL> ALTER TABLE author ADD CONSTRAINT author_pk PRIMARY KEY ( author_id );

TABLE altered.

SQL> CREATE TABLE author_call (
  2      ac_no        NUMBER(4) NOT NULL,
  3      author_id    NUMBER(4) NOT NULL,
  4      cata_call_no VARCHAR2(30) NOT NULL
  5  );

TABLE created.

SQL> COMMENT ON COLUMN author_call.ac_no IS
  2      'author catalogue entry (surrogate pk)';
Comment created.

SQL> COMMENT ON COLUMN author_call.author_id IS
  2      'author id';
Comment created.

SQL> COMMENT ON COLUMN author_call.cata_call_no IS
  2      'Catalogue call ID';
Comment created.

SQL> ALTER TABLE author_call ADD CONSTRAINT author_call_pk PRIMARY KEY ( ac_no );

TABLE altered.

SQL> ALTER TABLE author_call ADD CONSTRAINT author_call_nk UNIQUE ( cata_call_no,
  2                                                                 author_id );

TABLE altered.

SQL> CREATE TABLE book_copy (
  2      bookcopy_id    NUMBER(10) NOT NULL,
  3      branch_code    NUMBER(10) NOT NULL,
  4      bookcopy_flag  CHAR(1) NOT NULL,
  5      bookcopy_price NUMBER(4, 2) NOT NULL,
  6      isbn_no        NUMBER(13) NOT NULL
  7  );

TABLE created.

SQL> ALTER TABLE book_copy
  2      ADD CONSTRAINT chk_bookcopy_status CHECK ( bookcopy_flag IN ( 'A', 'D', 'G', 'L', 'R',
  3                                                                    'S' ) );

TABLE altered.

SQL> COMMENT ON COLUMN book_copy.bookcopy_id IS
  2      'book copy id';
Comment created.

SQL> COMMENT ON COLUMN book_copy.branch_code IS
  2      'branch code';
Comment created.

SQL> COMMENT ON COLUMN book_copy.bookcopy_flag IS
  2      'flag (Reserve, R, On Loan, L, Available, A, Stolen, S, Lost/Gone, G, Damage, D)';
Comment created.

SQL> COMMENT ON COLUMN book_copy.bookcopy_price IS
  2      'Price to purchase  bookcopy';
Comment created.

SQL> COMMENT ON COLUMN book_copy.isbn_no IS
  2      'ISBN code';
Comment created.

SQL> ALTER TABLE book_copy ADD CONSTRAINT book_copy_pk PRIMARY KEY ( bookcopy_id,
  2                                                                  branch_code );

TABLE altered.

SQL> CREATE TABLE borrower (
  2      borrower_id       NUMBER(10) NOT NULL,
  3      branch_code       NUMBER(10) NOT NULL,
  4      borrower_fname    VARCHAR2(20) NOT NULL,
  5      borrower_lname    VARCHAR2(20) NOT NULL,
  6      borrower_status   CHAR(1) NOT NULL,
  7      borrower_street   VARCHAR2(15) NOT NULL,
  8      borrower_city     VARCHAR2(15) NOT NULL,
  9      borrower_postcode NUMBER(5) NOT NULL,
  10      borrower_state    VARCHAR2(15) NOT NULL,
  11      borrower_phone_no CHAR(12),
  12      borrow_class_type CHAR(1) NOT NULL
  13  );

TABLE created.

SQL> ALTER TABLE borrower
  2      ADD CONSTRAINT chk_borrower_status CHECK ( borrower_status IN ( 'B', 'P' ) );

TABLE altered.

SQL> COMMENT ON COLUMN borrower.borrower_id IS
  2      'borrower id';
Comment created.

SQL> COMMENT ON COLUMN borrower.branch_code IS
  2      'branch code';
Comment created.

SQL> COMMENT ON COLUMN borrower.borrower_fname IS
  2      'Borrower''s first name';
Comment created.

SQL> COMMENT ON COLUMN borrower.borrower_lname IS
  2      'Borrower''s last name';
Comment created.

SQL> COMMENT ON COLUMN borrower.borrower_status IS
  2      'Borrower Status (P - Permitted / B - Banned)';
Comment created.

SQL> COMMENT ON COLUMN borrower.borrower_street IS
  2      'Borrower Street';
Comment created.

SQL> COMMENT ON COLUMN borrower.borrower_city IS
  2      'Borrower''s city';
Comment created.

SQL> COMMENT ON COLUMN borrower.borrower_postcode IS
  2      'Borrower''s postcode';
Comment created.

SQL> COMMENT ON COLUMN borrower.borrower_state IS
  2      'Borrower''s state';
Comment created.

SQL> COMMENT ON COLUMN borrower.borrower_phone_no IS
  2      'borrower phone number ';
Comment created.

SQL> COMMENT ON COLUMN borrower.borrow_class_type IS
  2      'Borrower Class (Adult, A, Child, C, Organisation, O)';
Comment created.

SQL> ALTER TABLE borrower ADD CONSTRAINT borrower_pk PRIMARY KEY ( borrower_id );

TABLE altered.

SQL> CREATE TABLE borrower_class (
  2      borrow_class_type        CHAR(1) NOT NULL,
  3      borrow_class_bookamt     NUMBER(2) NOT NULL,
  4      borrow_class_loan_period NUMBER(2) NOT NULL
  5  );

TABLE created.

SQL> ALTER TABLE borrower_class
  2      ADD CONSTRAINT chk_borrower_classtype CHECK ( borrow_class_type IN ( 'A', 'C', 'O' ) );

TABLE altered.

SQL> COMMENT ON COLUMN borrower_class.borrow_class_type IS
  2      'Borrower Class (Adult, A, Child, C, Organisation, O)';
Comment created.

SQL> COMMENT ON COLUMN borrower_class.borrow_class_bookamt IS
  2      'book amount that allowed by that class';
Comment created.

SQL> COMMENT ON COLUMN borrower_class.borrow_class_loan_period IS
  2      'Loan period allowed for class';
Comment created.

SQL> ALTER TABLE borrower_class ADD CONSTRAINT borrower_class_pk PRIMARY KEY ( borrow_class_type );

TABLE altered.

SQL> CREATE TABLE branch (
  2      branch_code     NUMBER(10) NOT NULL,
  3      lga_code        NUMBER(10) NOT NULL,
  4      manager_id      NUMBER(10) NOT NULL,
  5      branch_name     VARCHAR2(20) NOT NULL,
  6      branch_address  VARCHAR2(50) NOT NULL,
  7      branch_phone_no CHAR(12) NOT NULL
  8  );

TABLE created.

SQL> COMMENT ON COLUMN branch.branch_code IS
  2      'branch code';
Comment created.

SQL> COMMENT ON COLUMN branch.lga_code IS
  2      'lga code';
Comment created.

SQL> COMMENT ON COLUMN branch.manager_id IS
  2      'manager id';
Comment created.

SQL> COMMENT ON COLUMN branch.branch_name IS
  2      'Name of Branch';
Comment created.

SQL> COMMENT ON COLUMN branch.branch_address IS
  2      'Branch address';
Comment created.

SQL> COMMENT ON COLUMN branch.branch_phone_no IS
  2      'Branch phone number';
Comment created.

SQL> ALTER TABLE branch ADD CONSTRAINT branch_pk PRIMARY KEY ( branch_code );

TABLE altered.

SQL> CREATE TABLE catalogue_entry (
  2      cata_call_no        VARCHAR2(30) NOT NULL,
  3      publisher_id        NUMBER(10) NOT NULL,
  4      cata_title          VARCHAR2(50) NOT NULL,
  5      cata_content        VARCHAR2(500) NOT NULL,
  6      cata_published_date NUMBER(4) NOT NULL,
  7      cata_classification CHAR(1) NOT NULL,
  8      cata_page_no        NUMBER(4) NOT NULL,
  9      cata_reading_level  NUMBER(2),
  10      cata_language       VARCHAR2(20) NOT NULL,
  11      cata_note           VARCHAR2(200),
  12      cata_edition        VARCHAR2(20)
  13  );

TABLE created.

SQL> ALTER TABLE catalogue_entry
  2      ADD CONSTRAINT chk_cataclass CHECK ( cata_classification IN ( 'F', 'R' ) );

TABLE altered.

SQL> COMMENT ON COLUMN catalogue_entry.cata_call_no IS
  2      'Catalogue call ID';
Comment created.

SQL> COMMENT ON COLUMN catalogue_entry.publisher_id IS
  2      'publisher id';
Comment created.

SQL> COMMENT ON COLUMN catalogue_entry.cata_title IS
  2      'Catalogue title';
Comment created.

SQL> COMMENT ON COLUMN catalogue_entry.cata_content IS
  2      'Catalogue description';
Comment created.

SQL> COMMENT ON COLUMN catalogue_entry.cata_published_date IS
  2      'Date of catalogue published';
Comment created.

SQL> COMMENT ON COLUMN catalogue_entry.cata_classification IS
  2      'Classification of catalogue genre (Reference, R, Fiction, F)';
Comment created.

SQL> COMMENT ON COLUMN catalogue_entry.cata_page_no IS
  2      'Number of pages';
Comment created.

SQL> COMMENT ON COLUMN catalogue_entry.cata_reading_level IS
  2      'Reading level of catalogue';
Comment created.

SQL> COMMENT ON COLUMN catalogue_entry.cata_language IS
  2      'Language used';
Comment created.

SQL> COMMENT ON COLUMN catalogue_entry.cata_note IS
  2      'catalogue notes';
Comment created.

SQL> COMMENT ON COLUMN catalogue_entry.cata_edition IS
  2      'Edition number';
Comment created.

SQL> ALTER TABLE catalogue_entry ADD CONSTRAINT catalogue_entry_pk PRIMARY KEY ( cata_call_no );

TABLE altered.

SQL> CREATE TABLE isbn (
  2      isbn_no        NUMBER(13) NOT NULL,
  3      cata_call_no   VARCHAR2(30) NOT NULL,
  4      isbn_covertype VARCHAR2(20) NOT NULL
  5  );

TABLE created.

SQL> COMMENT ON COLUMN isbn.isbn_no IS
  2      'ISBN code';
Comment created.

SQL> COMMENT ON COLUMN isbn.cata_call_no IS
  2      'Catalogue call ID';
Comment created.

SQL> COMMENT ON COLUMN isbn.isbn_covertype IS
  2      'Cover book type';
Comment created.

SQL> ALTER TABLE isbn ADD CONSTRAINT isbn_pk PRIMARY KEY ( isbn_no );

TABLE altered.

SQL> CREATE TABLE lga (
  2      lga_code     NUMBER(10) NOT NULL,
  3      lga_name     VARCHAR2(50) NOT NULL,
  4      lga_size     NUMBER(5, 2) NOT NULL,
  5      lga_contact  VARCHAR2(20) NOT NULL,
  6      lga_phone_no CHAR(12) NOT NULL
  7  );

TABLE created.

SQL> COMMENT ON COLUMN lga.lga_code IS
  2      'lga code';
Comment created.

SQL> COMMENT ON COLUMN lga.lga_name IS
  2      'LGA name';
Comment created.

SQL> COMMENT ON COLUMN lga.lga_size IS
  2      'LGA Size in hectares';
Comment created.

SQL> COMMENT ON COLUMN lga.lga_contact IS
  2      'LGA Service Contact Name';
Comment created.

SQL> COMMENT ON COLUMN lga.lga_phone_no IS
  2      'LGA phone number';
Comment created.

SQL> ALTER TABLE lga ADD CONSTRAINT lga_pk PRIMARY KEY ( lga_code );

TABLE altered.

SQL> CREATE TABLE loan (
  2      loan_id              NUMBER(4) NOT NULL,
  3      loan_datetime        DATE NOT NULL,
  4      bookcopy_id          NUMBER(10) NOT NULL,
  5      branch_code          NUMBER(10) NOT NULL,
  6      borrower_id          NUMBER(10) NOT NULL,
  7      loan_due_back        DATE NOT NULL,
  8      loan_return_datetime DATE,
  9      loan_fine_amnt       NUMBER(5, 2),
  10      loan_date_fine_paid  DATE
  11  );

TABLE created.

SQL> COMMENT ON COLUMN loan.loan_id IS
  2      'Loan ID (Surrogate Key)';
Comment created.

SQL> COMMENT ON COLUMN loan.loan_datetime IS
  2      'loan datetime';
Comment created.

SQL> COMMENT ON COLUMN loan.bookcopy_id IS
  2      'book copy id';
Comment created.

SQL> COMMENT ON COLUMN loan.branch_code IS
  2      'branch code';
Comment created.

SQL> COMMENT ON COLUMN loan.borrower_id IS
  2      'borrower id';
Comment created.

SQL> COMMENT ON COLUMN loan.loan_due_back IS
  2      'Due date to return bookcopy to branch';
Comment created.

SQL> COMMENT ON COLUMN loan.loan_return_datetime IS
  2      'Date and time for book returned to branch';
Comment created.

SQL> COMMENT ON COLUMN loan.loan_fine_amnt IS
  2      'Amount to pay back for overdue loan';
Comment created.

SQL> COMMENT ON COLUMN loan.loan_date_fine_paid IS
  2      'Date of loan fine paid';
Comment created.

SQL> ALTER TABLE loan ADD CONSTRAINT loan_pk PRIMARY KEY ( loan_id );

TABLE altered.

SQL> ALTER TABLE loan
  2      ADD CONSTRAINT loan_id_nk UNIQUE ( loan_datetime,
  3                                         bookcopy_id,
  4                                         branch_code );

TABLE altered.

SQL> CREATE TABLE manager (
  2      manager_id       NUMBER(10) NOT NULL,
  3      branch_code      NUMBER(10) NOT NULL,
  4      manager_fname    VARCHAR2(20) NOT NULL,
  5      manager_lname    VARCHAR2(20) NOT NULL,
  6      manager_phone_no CHAR(12) NOT NULL
  7  );

TABLE created.

SQL> COMMENT ON COLUMN manager.manager_id IS
  2      'manager id';
Comment created.

SQL> COMMENT ON COLUMN manager.branch_code IS
  2      'branch code';
Comment created.

SQL> COMMENT ON COLUMN manager.manager_fname IS
  2      'Manager''s first name';
Comment created.

SQL> COMMENT ON COLUMN manager.manager_lname IS
  2      'Manager''s last name';
Comment created.

SQL> COMMENT ON COLUMN manager.manager_phone_no IS
  2      'Manager''s phone number';
Comment created.

SQL> CREATE UNIQUE INDEX manager__idx ON
  2      manager (
  3          branch_code
  4      ASC );

INDEX created.

SQL> ALTER TABLE manager ADD CONSTRAINT manager_pk PRIMARY KEY ( manager_id );

TABLE altered.

SQL> CREATE TABLE publisher (
  2      publisher_id   NUMBER(10) NOT NULL,
  3      publisher_name VARCHAR2(50) NOT NULL
  4  );

TABLE created.

SQL> COMMENT ON COLUMN publisher.publisher_id IS
  2      'publisher id';
Comment created.

SQL> COMMENT ON COLUMN publisher.publisher_name IS
  2      'Publisher''s name';
Comment created.

SQL> ALTER TABLE publisher ADD CONSTRAINT publisher_pk PRIMARY KEY ( publisher_id );

TABLE altered.

SQL> CREATE TABLE reserve (
  2      reserve_no       NUMBER(5) NOT NULL,
  3      reserve_datetime DATE NOT NULL,
  4      reserve_phone_no NUMBER(12) NOT NULL,
  5      borrower_id      NUMBER(10) NOT NULL,
  6      bookcopy_id      NUMBER(10) NOT NULL,
  7      branch_code      NUMBER(10) NOT NULL
  8  );

TABLE created.

SQL> COMMENT ON COLUMN reserve.reserve_no IS
  2      'surrogate key for reserve';
Comment created.

SQL> COMMENT ON COLUMN reserve.reserve_datetime IS
  2      'Datetime reserve was applied';
Comment created.

SQL> COMMENT ON COLUMN reserve.reserve_phone_no IS
  2      'phone no for book reserve';
Comment created.

SQL> COMMENT ON COLUMN reserve.borrower_id IS
  2      'borrower id';
Comment created.

SQL> COMMENT ON COLUMN reserve.bookcopy_id IS
  2      'book copy id';
Comment created.

SQL> COMMENT ON COLUMN reserve.branch_code IS
  2      'branch code';
Comment created.

SQL> ALTER TABLE reserve ADD CONSTRAINT reserve_pk PRIMARY KEY ( reserve_no );

TABLE altered.

SQL> ALTER TABLE reserve ADD CONSTRAINT reserve_nk UNIQUE ( reserve_datetime,
  2                                                         reserve_phone_no );

TABLE altered.

SQL> CREATE TABLE subject (
  2      subject_id   NUMBER(10) NOT NULL,
  3      subject_desc VARCHAR2(100) NOT NULL
  4  );

TABLE created.

SQL> COMMENT ON COLUMN subject.subject_id IS
  2      'Subject ID';
Comment created.

SQL> COMMENT ON COLUMN subject.subject_desc IS
  2      'Description of subject';
Comment created.

SQL> ALTER TABLE subject ADD CONSTRAINT subject_pk PRIMARY KEY ( subject_id );

TABLE altered.

SQL> CREATE TABLE subject_call (
  2      sc_no        NUMBER(4) NOT NULL,
  3      cata_call_no VARCHAR2(30) NOT NULL,
  4      subject_id   NUMBER(10) NOT NULL
  5  );

TABLE created.

SQL> COMMENT ON COLUMN subject_call.sc_no IS
  2      'surrogate key for subject call entity';
Comment created.

SQL> COMMENT ON COLUMN subject_call.cata_call_no IS
  2      'Catalogue call ID';
Comment created.

SQL> COMMENT ON COLUMN subject_call.subject_id IS
  2      'Subject ID';
Comment created.

SQL> ALTER TABLE subject_call ADD CONSTRAINT subject_call_pk PRIMARY KEY ( sc_no );

TABLE altered.

SQL> ALTER TABLE subject_call ADD CONSTRAINT subject_call_nk UNIQUE ( cata_call_no,
  2                                                                   subject_id );

TABLE altered.

SQL> ALTER TABLE author_call
  2      ADD CONSTRAINT author_athcall_fk FOREIGN KEY ( author_id )
  3          REFERENCES author ( author_id );

TABLE altered.

SQL> ALTER TABLE loan
  2      ADD CONSTRAINT bookcopy_loan_fk FOREIGN KEY ( bookcopy_id,
  3                                                    branch_code )
  4          REFERENCES book_copy ( bookcopy_id,
  5                                 branch_code );

TABLE altered.

SQL> ALTER TABLE reserve
  2      ADD CONSTRAINT bookcopy_reserve FOREIGN KEY ( bookcopy_id,
  3                                                    branch_code )
  4          REFERENCES book_copy ( bookcopy_id,
  5                                 branch_code );

TABLE altered.

SQL> ALTER TABLE borrower
  2      ADD CONSTRAINT borrower_class_borrower_fk FOREIGN KEY ( borrow_class_type )
  3          REFERENCES borrower_class ( borrow_class_type );

TABLE altered.

SQL> ALTER TABLE loan
  2      ADD CONSTRAINT borrower_loan_fk FOREIGN KEY ( borrower_id )
  3          REFERENCES borrower ( borrower_id );

TABLE altered.

SQL> ALTER TABLE reserve
  2      ADD CONSTRAINT borrower_reserve_fk FOREIGN KEY ( borrower_id )
  3          REFERENCES borrower ( borrower_id );

TABLE altered.

SQL> ALTER TABLE book_copy
  2      ADD CONSTRAINT branch_bookcopy_fk FOREIGN KEY ( branch_code )
  3          REFERENCES branch ( branch_code );

TABLE altered.

SQL> ALTER TABLE borrower
  2      ADD CONSTRAINT branch_borrower_fk FOREIGN KEY ( branch_code )
  3          REFERENCES branch ( branch_code );

TABLE altered.

SQL> ALTER TABLE manager
  2      ADD CONSTRAINT branch_manager_fk FOREIGN KEY ( branch_code )
  3          REFERENCES branch ( branch_code );

TABLE altered.

SQL> ALTER TABLE subject_call
  2      ADD CONSTRAINT cat_subcall_fk FOREIGN KEY ( cata_call_no )
  3          REFERENCES catalogue_entry ( cata_call_no );

TABLE altered.

SQL> ALTER TABLE author_call
  2      ADD CONSTRAINT cata_athcall_fk FOREIGN KEY ( cata_call_no )
  3          REFERENCES catalogue_entry ( cata_call_no );

TABLE altered.

SQL> ALTER TABLE isbn
  2      ADD CONSTRAINT cata_isbn_fk FOREIGN KEY ( cata_call_no )
  3          REFERENCES catalogue_entry ( cata_call_no );

TABLE altered.

SQL> ALTER TABLE book_copy
  2      ADD CONSTRAINT isbn_bookcopy_fk FOREIGN KEY ( isbn_no )
  3          REFERENCES isbn ( isbn_no );

TABLE altered.

SQL> ALTER TABLE branch
  2      ADD CONSTRAINT lga_branch_fk FOREIGN KEY ( lga_code )
  3          REFERENCES lga ( lga_code );

TABLE altered.

SQL> ALTER TABLE branch
  2      ADD CONSTRAINT manager_branch_fk FOREIGN KEY ( manager_id )
  3          REFERENCES manager ( manager_id );

TABLE altered.

SQL> ALTER TABLE catalogue_entry
  2      ADD CONSTRAINT publisher_cata_fk FOREIGN KEY ( publisher_id )
  3          REFERENCES publisher ( publisher_id );

TABLE altered.

SQL> ALTER TABLE subject_call
  2      ADD CONSTRAINT subj_subjcall_fk FOREIGN KEY ( subject_id )
  3          REFERENCES subject ( subject_id );

TABLE altered.

SQL> -- Oracle SQL Developer Data Modeler Summary Report: 
SQL> -- 
SQL> -- CREATE TABLE                            15
SQL> -- CREATE INDEX                             1
SQL> -- ALTER TABLE                             40
SQL> -- CREATE VIEW                              0
SQL> -- ALTER VIEW                               0
SQL> -- CREATE PACKAGE                           0
SQL> -- CREATE PACKAGE BODY                      0
SQL> -- CREATE PROCEDURE                         0
SQL> -- CREATE FUNCTION                          0
SQL> -- CREATE TRIGGER                           0
SQL> -- ALTER TRIGGER                            0
SQL> -- CREATE COLLECTION TYPE                   0
SQL> -- CREATE STRUCTURED TYPE                   0
SQL> -- CREATE STRUCTURED TYPE BODY              0
SQL> -- CREATE CLUSTER                           0
SQL> -- CREATE CONTEXT                           0
SQL> -- CREATE DATABASE                          0
SQL> -- CREATE DIMENSION                         0
SQL> -- CREATE DIRECTORY                         0
SQL> -- CREATE DISK GROUP                        0
SQL> -- CREATE ROLE                              0
SQL> -- CREATE ROLLBACK SEGMENT                  0
SQL> -- CREATE SEQUENCE                          0
SQL> -- CREATE MATERIALIZED VIEW                 0
SQL> -- CREATE MATERIALIZED VIEW LOG             0
SQL> -- CREATE SYNONYM                           0
SQL> -- CREATE TABLESPACE                        0
SQL> -- CREATE USER                              0
SQL> -- 
SQL> -- DROP TABLESPACE                          0
SQL> -- DROP DATABASE                            0
SQL> -- 
SQL> -- REDACTION POLICY                         0
SQL> -- TSDP POLICY                              0
SQL> -- 
SQL> -- ORDS DROP SCHEMA                         0
SQL> -- ORDS ENABLE SCHEMA                       0
SQL> -- ORDS ENABLE OBJECT                       0
SQL> -- 
SQL> -- ERRORS                                   0
SQL> -- WARNINGS                                 0
SQL> SPOOL off

